// Jest Snapshot v1, https://goo.gl/fbAQLP

exports[`Pruebas en el componente Avatar Esta prueba es para hacer match con el snapshot 1`] = `
<div>
  <li
    role="li"
  >
    <img
      alt=""
      class="img-fluid"
      src="../../../public/img/mq16.png"
      width="140"
    />
  </li>
</div>
`;
