// Jest Snapshot v1, https://goo.gl/fbAQLP

exports[`Pruebas en el componente Footer Esta prueba es para hacer match con el snapshot 1`] = `
<div>
  <div
    class="d-flex align-items-end justify-content-end pe-4"
    role="div"
  />
</div>
`;
