// Jest Snapshot v1, https://goo.gl/fbAQLP

exports[`Pruebas en el componente Link Esta prueba es para hacer match con el snapshot 1`] = `
<div>
  <div
    class="text-center pt-1 mb-1"
    role="div"
  >
    <p
      role="p"
    >
      <a
        class=""
        role="a"
      >
        y tu contrase√±a?
      </a>
    </p>
  </div>
</div>
`;
